<?xml version="1.0" encoding="UTF-8"?>
<testsuites name="jest tests" tests="2" failures="0" time="4.817">
  <testsuite name="sum" errors="0" failures="0" skipped="0" timestamp="2019-11-16T03:42:54" time="3.735" tests="2">
    <testcase classname="sum 1+1=2" name="sum 1+1=2" time="0.005">
    </testcase>
    <testcase classname="sum 1+1=3" name="sum 1+1=3" time="0.001">
    </testcase>
  </testsuite>
</testsuites>